Fri Mar 13 05:53:21 UTC 2026 | USER: install httpd
Fri Mar 13 05:53:21 UTC 2026 | ASSISTANT: To install the Apache HTTP Server (httpd) on most Red Hat-based systems (like Fedora, CentOS, RHEL), you would use `dnf` or `yum`. The command below uses `dnf` which is the more modern package manager.
Fri Mar 13 05:53:24 UTC 2026 | CMD: sudo dnf install httpd -y
Fri Mar 13 05:53:24 UTC 2026 | OUTPUT: Updating Subscription Management repositories.
Unable to read consumer identity

This system is not registered with an entitlement server. You can use "rhc" or "subscription-manager" to register.

Red Hat Enterprise Linux 10 for x86_64 - AppStr  93 kB/s | 4.1 kB     00:00    
Red Hat Enterprise Linux 10 for x86_64 - BaseOS  97 kB/s | 4.1 kB     00:00    
Red Hat Enterprise Linux 10 Client Configuratio  39 kB/s | 1.5 kB     00:00    
Dependencies resolved.
================================================================================
 Package            Arch   Version            Repository                   Size
================================================================================
Installing:
 httpd              x86_64 2.4.63-4.el10_1.3  rhel-10-appstream-rhui-rpms  49 k
Installing dependencies:
 apr                x86_64 1.7.5-2.el10       rhel-10-appstream-rhui-rpms 132 k
 apr-util           x86_64 1.6.3-23.el10_1    rhel-10-appstream-rhui-rpms 103 k
 apr-util-lmdb      x86_64 1.6.3-23.el10_1    rhel-10-appstream-rhui-rpms  20 k
 httpd-core         x86_64 2.4.63-4.el10_1.3  rhel-10-appstream-rhui-rpms 1.5 M
 httpd-filesystem   noarch 2.4.63-4.el10_1.3  rhel-10-appstream-rhui-rpms  13 k
 httpd-tools        x86_64 2.4.63-4.el10_1.3  rhel-10-appstream-rhui-rpms  83 k
 mailcap            noarch 2.1.54-8.el10      rhel-10-baseos-rhui-rpms     37 k
 redhat-logos-httpd noarch 100.2-1.el10       rhel-10-appstream-rhui-rpms  16 k
Installing weak dependencies:
 apr-util-openssl   x86_64 1.6.3-23.el10_1    rhel-10-appstream-rhui-rpms  22 k
 mod_http2          x86_64 2.0.29-3.el10      rhel-10-appstream-rhui-rpms 164 k
 mod_lua            x86_64 2.4.63-4.el10_1.3  rhel-10-appstream-rhui-rpms  59 k

Transaction Summary
================================================================================
Install  12 Packages

Total download size: 2.2 M
Installed size: 6.1 M
Downloading Packages:
(1/12): redhat-logos-httpd-100.2-1.el10.noarch. 416 kB/s |  16 kB     00:00    
(2/12): mod_http2-2.0.29-3.el10.x86_64.rpm      3.4 MB/s | 164 kB     00:00    
(3/12): apr-1.7.5-2.el10.x86_64.rpm             2.5 MB/s | 132 kB     00:00    
(4/12): httpd-2.4.63-4.el10_1.3.x86_64.rpm      3.1 MB/s |  49 kB     00:00    
(5/12): httpd-tools-2.4.63-4.el10_1.3.x86_64.rp 8.5 MB/s |  83 kB     00:00    
(6/12): httpd-filesystem-2.4.63-4.el10_1.3.noar 1.0 MB/s |  13 kB     00:00    
(7/12): mod_lua-2.4.63-4.el10_1.3.x86_64.rpm    6.0 MB/s |  59 kB     00:00    
(8/12): apr-util-1.6.3-23.el10_1.x86_64.rpm     8.8 MB/s | 103 kB     00:00    
(9/12): httpd-core-2.4.63-4.el10_1.3.x86_64.rpm  35 MB/s | 1.5 MB     00:00    
(10/12): apr-util-lmdb-1.6.3-23.el10_1.x86_64.r 1.1 MB/s |  20 kB     00:00    
(11/12): apr-util-openssl-1.6.3-23.el10_1.x86_6 1.3 MB/s |  22 kB     00:00    
(12/12): mailcap-2.1.54-8.el10.noarch.rpm       3.0 MB/s |  37 kB     00:00    
--------------------------------------------------------------------------------
Total                                            14 MB/s | 2.2 MB     00:00     
Running transaction check
Transaction check succeeded.
Running transaction test
Transaction test succeeded.
Running transaction
  Preparing        :                                                        1/1 
  Installing       : apr-1.7.5-2.el10.x86_64                               1/12 
  Installing       : apr-util-lmdb-1.6.3-23.el10_1.x86_64                  2/12 
  Installing       : apr-util-openssl-1.6.3-23.el10_1.x86_64               3/12 
  Installing       : apr-util-1.6.3-23.el10_1.x86_64                       4/12 
  Installing       : httpd-tools-2.4.63-4.el10_1.3.x86_64                  5/12 
  Installing       : mailcap-2.1.54-8.el10.noarch                          6/12 
  Running scriptlet: httpd-filesystem-2.4.63-4.el10_1.3.noarch             7/12 
  Installing       : httpd-filesystem-2.4.63-4.el10_1.3.noarch             7/12 
  Installing       : httpd-core-2.4.63-4.el10_1.3.x86_64                   8/12 
  Installing       : mod_http2-2.0.29-3.el10.x86_64                        9/12 
  Installing       : mod_lua-2.4.63-4.el10_1.3.x86_64                     10/12 
  Installing       : redhat-logos-httpd-100.2-1.el10.noarch               11/12 
  Installing       : httpd-2.4.63-4.el10_1.3.x86_64                       12/12 
  Running scriptlet: httpd-2.4.63-4.el10_1.3.x86_64                       12/12 
Installed products updated.

Installed:
  apr-1.7.5-2.el10.x86_64                                                       
  apr-util-1.6.3-23.el10_1.x86_64                                               
  apr-util-lmdb-1.6.3-23.el10_1.x86_64                                          
  apr-util-openssl-1.6.3-23.el10_1.x86_64                                       
  httpd-2.4.63-4.el10_1.3.x86_64                                                
  httpd-core-2.4.63-4.el10_1.3.x86_64                                           
  httpd-filesystem-2.4.63-4.el10_1.3.noarch                                     
  httpd-tools-2.4.63-4.el10_1.3.x86_64                                          
  mailcap-2.1.54-8.el10.noarch                                                  
  mod_http2-2.0.29-3.el10.x86_64                                                
  mod_lua-2.4.63-4.el10_1.3.x86_64                                              
  redhat-logos-httpd-100.2-1.el10.noarch                                        

Complete!
--------------------------------------
